Traceback (most recent call last):
  File "/Library/Frameworks/Python.framework/Versions/3.13/lib/python3.13/site-packages/jupyter_core/utils/__init__.py", line 154, in wrapped
    asyncio.get_running_loop()
    ~~~~~~~~~~~~~~~~~~~~~~~~^^
RuntimeError: no running event loop

During handling of the above exception, another exception occurred:

Traceback (most recent call last):
  File "/Library/Frameworks/Python.framework/Versions/3.13/lib/python3.13/site-packages/jupyter_cache/executors/utils.py", line 58, in single_nb_execution
    executenb(
    ~~~~~~~~~^
        nb,
        ^^^
    ...<4 lines>...
        **kwargs,
        ^^^^^^^^^
    )
    ^
  File "/Library/Frameworks/Python.framework/Versions/3.13/lib/python3.13/site-packages/nbclient/client.py", line 1319, in execute
    return NotebookClient(nb=nb, resources=resources, km=km, **kwargs).execute()
           ~~~~~~~~~~~~~~~~~~~~~~~~~~~~~~~~~~~~~~~~~~~~~~~~~~~~~~~~~~~~~~~~~~~^^
  File "/Library/Frameworks/Python.framework/Versions/3.13/lib/python3.13/site-packages/jupyter_core/utils/__init__.py", line 158, in wrapped
    return loop.run_until_complete(inner)
           ~~~~~~~~~~~~~~~~~~~~~~~^^^^^^^
  File "/Library/Frameworks/Python.framework/Versions/3.13/lib/python3.13/asyncio/base_events.py", line 725, in run_until_complete
    return future.result()
           ~~~~~~~~~~~~~^^
  File "/Library/Frameworks/Python.framework/Versions/3.13/lib/python3.13/site-packages/nbclient/client.py", line 709, in async_execute
    await self.async_execute_cell(
        cell, index, execution_count=self.code_cells_executed + 1
    )
  File "/Library/Frameworks/Python.framework/Versions/3.13/lib/python3.13/site-packages/nbclient/client.py", line 1062, in async_execute_cell
    await self._check_raise_for_error(cell, cell_index, exec_reply)
  File "/Library/Frameworks/Python.framework/Versions/3.13/lib/python3.13/site-packages/nbclient/client.py", line 918, in _check_raise_for_error
    raise CellExecutionError.from_cell_and_msg(cell, exec_reply_content)
nbclient.exceptions.CellExecutionError: An error occurred while executing the following cell:
------------------
from ngsolve.solvers import Newton
sceneu = Draw (gfu, deformation=True)
scenev = Draw (gfv)
scenea = Draw (gfa)
gfu.vec[:] = 0
t = 0
while t < tend:
    t += tau
    MyNewton(a=bfa, u=gfu, printing=False)
    # Newton(a=bfa, u=gfu, printing=False, inverse="sparsecholesky")

    gfv.vec[:] = 2/tau * (gfu.vec-gfuold.vec) - gfvold.vec
    gfa.vec[:] = 2/tau * (gfv.vec-gfvold.vec) - gfaold.vec

    sceneu.Redraw()
    scenev.Redraw()
    scenea.Redraw()
    
    gfuold.vec[:] = gfu.vec
    gfvold.vec[:] = gfv.vec
    gfaold.vec[:] = gfa.vec
------------------


[31m---------------------------------------------------------------------------[39m
[31mKeyboardInterrupt[39m                         Traceback (most recent call last)
[36mCell[39m[36m [39m[32mIn[6][39m[32m, line 9[39m
[32m      7[39m [38;5;28;01mwhile[39;00m t < tend:
[32m      8[39m     t += tau
[32m----> [39m[32m9[39m     [43mMyNewton[49m[43m([49m[43ma[49m[43m=[49m[43mbfa[49m[43m,[49m[43m [49m[43mu[49m[43m=[49m[43mgfu[49m[43m,[49m[43m [49m[43mprinting[49m[43m=[49m[38;5;28;43;01mFalse[39;49;00m[43m)[49m
[32m     10[39m     [38;5;66;03m# Newton(a=bfa, u=gfu, printing=False, inverse="sparsecholesky")[39;00m
[32m     12[39m     gfv.vec[:] = [32m2[39m/tau * (gfu.vec-gfuold.vec) - gfvold.vec

[36mCell[39m[36m [39m[32mIn[5][39m[32m, line 7[39m, in [36mMyNewton[39m[34m(a, u, printing)[39m
[32m      5[39m     [38;5;28mprint[39m ([33m"[39m[33mit=[39m[33m"[39m, it, [33m"[39m[33merr=[39m[33m"[39m, Norm(res))
[32m      6[39m a.AssembleLinearization(gfu.vec)
[32m----> [39m[32m7[39m inv = [43ma[49m[43m.[49m[43mmat[49m[43m.[49m[43mInverse[49m[43m([49m[43mfes[49m[43m.[49m[43mFreeDofs[49m[43m([49m[43m)[49m[43m,[49m[43m [49m[43minverse[49m[43m=[49m[33;43m"[39;49m[33;43msparsecholesky[39;49m[33;43m"[39;49m[43m)[49m 
[32m      8[39m gfu.vec.data -= inv*res

[31mKeyboardInterrupt[39m: 

