Traceback (most recent call last):
  File "/Library/Frameworks/Python.framework/Versions/3.14/lib/python3.14/site-packages/jupyter_core/utils/__init__.py", line 154, in wrapped
    asyncio.get_running_loop()
    ~~~~~~~~~~~~~~~~~~~~~~~~^^
RuntimeError: no running event loop

During handling of the above exception, another exception occurred:

Traceback (most recent call last):
  File "/Library/Frameworks/Python.framework/Versions/3.14/lib/python3.14/site-packages/jupyter_cache/executors/utils.py", line 58, in single_nb_execution
    executenb(
    ~~~~~~~~~^
        nb,
        ^^^
    ...<4 lines>...
        **kwargs,
        ^^^^^^^^^
    )
    ^
  File "/Library/Frameworks/Python.framework/Versions/3.14/lib/python3.14/site-packages/nbclient/client.py", line 1319, in execute
    return NotebookClient(nb=nb, resources=resources, km=km, **kwargs).execute()
           ~~~~~~~~~~~~~~~~~~~~~~~~~~~~~~~~~~~~~~~~~~~~~~~~~~~~~~~~~~~~~~~~~~~^^
  File "/Library/Frameworks/Python.framework/Versions/3.14/lib/python3.14/site-packages/jupyter_core/utils/__init__.py", line 158, in wrapped
    return loop.run_until_complete(inner)
           ~~~~~~~~~~~~~~~~~~~~~~~^^^^^^^
  File "/Library/Frameworks/Python.framework/Versions/3.14/lib/python3.14/asyncio/base_events.py", line 719, in run_until_complete
    return future.result()
           ~~~~~~~~~~~~~^^
  File "/Library/Frameworks/Python.framework/Versions/3.14/lib/python3.14/site-packages/nbclient/client.py", line 709, in async_execute
    await self.async_execute_cell(
        cell, index, execution_count=self.code_cells_executed + 1
    )
  File "/Library/Frameworks/Python.framework/Versions/3.14/lib/python3.14/site-packages/nbclient/client.py", line 1062, in async_execute_cell
    await self._check_raise_for_error(cell, cell_index, exec_reply)
  File "/Library/Frameworks/Python.framework/Versions/3.14/lib/python3.14/site-packages/nbclient/client.py", line 918, in _check_raise_for_error
    raise CellExecutionError.from_cell_and_msg(cell, exec_reply_content)
nbclient.exceptions.CellExecutionError: An error occurred while executing the following cell:
------------------
kappa = 0.01*pi
mp = BiotSavartSingularMLCF(Vec3D(0,0,0), r=5, kappa=kappa)

# mp.mlmp.AddCurrent( Vec3D(1,0,-1), Vec3D(1,0,1), 1, num=100)
# mp.mlmp.AddCurrent( Vec3D(1,0, 1), Vec3D(-1,0,1), 1, num=100)
# mp.mlmp.AddCurrent( Vec3D(-1,0, 1), Vec3D(-1,0,-1), 1, num=10)
# mp.mlmp.AddCurrent( Vec3D(-1,0, -1), Vec3D(1,0,-1), 1, num=100)

coil = Cylinder((0,-1,0), Y, r=1, h=1, mantle="outer") - Cylinder((0,-1,0), Y, r=0.5, h=1)
coilmesh = Mesh(OCCGeometry(coil).GenerateMesh(maxh=0.3)).Curve(3)
Draw (coilmesh)

from ngsolve.bem import AddCurrentDensity
current = CF((z,0,-x))
current /= Norm(current)
# AddCurrentDensity(mp.mlmp, current, coilmesh.Materials(".*"))
AddCurrentDensity(mp.mlmp, current, coilmesh.Boundaries("outer"))

regmp = mp.CreateRegularExpansion(Vec3D(0,0,0),r=5)
------------------


[31m---------------------------------------------------------------------------[39m
[31mImportError[39m                               Traceback (most recent call last)
[36mCell[39m[36m [39m[32mIn[3][39m[32m, line 13[39m
[32m     10[39m coilmesh = Mesh(OCCGeometry(coil).GenerateMesh(maxh=[32m0.3[39m)).Curve([32m3[39m)
[32m     11[39m Draw (coilmesh)
[32m---> [39m[32m13[39m [38;5;28;01mfrom[39;00m[38;5;250m [39m[34;01mngsolve[39;00m[34;01m.[39;00m[34;01mbem[39;00m[38;5;250m [39m[38;5;28;01mimport[39;00m AddCurrentDensity
[32m     14[39m current = CF((z,[32m0[39m,-x))
[32m     15[39m current /= Norm(current)

[31mImportError[39m: cannot import name 'AddCurrentDensity' from 'ngsolve.bem' (/Applications/Netgen.app/Contents/Resources/lib/python3.14/site-packages/ngsolve/ngslib.so)

