Traceback (most recent call last):
  File "/Library/Frameworks/Python.framework/Versions/3.13/lib/python3.13/site-packages/jupyter_core/utils/__init__.py", line 154, in wrapped
    asyncio.get_running_loop()
    ~~~~~~~~~~~~~~~~~~~~~~~~^^
RuntimeError: no running event loop

During handling of the above exception, another exception occurred:

Traceback (most recent call last):
  File "/Library/Frameworks/Python.framework/Versions/3.13/lib/python3.13/site-packages/jupyter_cache/executors/utils.py", line 58, in single_nb_execution
    executenb(
    ~~~~~~~~~^
        nb,
        ^^^
    ...<4 lines>...
        **kwargs,
        ^^^^^^^^^
    )
    ^
  File "/Library/Frameworks/Python.framework/Versions/3.13/lib/python3.13/site-packages/nbclient/client.py", line 1319, in execute
    return NotebookClient(nb=nb, resources=resources, km=km, **kwargs).execute()
           ~~~~~~~~~~~~~~~~~~~~~~~~~~~~~~~~~~~~~~~~~~~~~~~~~~~~~~~~~~~~~~~~~~~^^
  File "/Library/Frameworks/Python.framework/Versions/3.13/lib/python3.13/site-packages/jupyter_core/utils/__init__.py", line 158, in wrapped
    return loop.run_until_complete(inner)
           ~~~~~~~~~~~~~~~~~~~~~~~^^^^^^^
  File "/Library/Frameworks/Python.framework/Versions/3.13/lib/python3.13/asyncio/base_events.py", line 725, in run_until_complete
    return future.result()
           ~~~~~~~~~~~~~^^
  File "/Library/Frameworks/Python.framework/Versions/3.13/lib/python3.13/site-packages/nbclient/client.py", line 709, in async_execute
    await self.async_execute_cell(
        cell, index, execution_count=self.code_cells_executed + 1
    )
  File "/Library/Frameworks/Python.framework/Versions/3.13/lib/python3.13/site-packages/nbclient/client.py", line 1062, in async_execute_cell
    await self._check_raise_for_error(cell, cell_index, exec_reply)
  File "/Library/Frameworks/Python.framework/Versions/3.13/lib/python3.13/site-packages/nbclient/client.py", line 918, in _check_raise_for_error
    raise CellExecutionError.from_cell_and_msg(cell, exec_reply_content)
nbclient.exceptions.CellExecutionError: An error occurred while executing the following cell:
------------------
kappa = pi
mp = SingularMLMultiPoleCF(Vec3D(0,0,0), 2, 20, kappa)

ir = IntegrationRule(TRIG,5)
pnts = mesh.MapToAllElements(ir, BND)
vals = (20*x)(pnts).flatten()

F = specialcf.JacobianMatrix(3,2)
weightCF = sqrt(Det (F.trans*F))
weights = weightCF(pnts).flatten()
for j in range(len(ir)):
    weights[j::len(ir)] *= ir[j].weight

for p,vi,wi in zip(pnts, vals, weights):
    mp.mlmp.AddDipole (Vec3D(x(p), y(p), z(p)), Vec3D(0,1,0), vi*wi)
mp.mlmp.Calc()

Draw (mp.real, vismesh, min=-1,max=1, animate_complex=True, order=2)
Draw (mp, vismesh, min=-1,max=1, animate_complex=True, order=2);
------------------


[31m---------------------------------------------------------------------------[39m
[31mTypeError[39m                                 Traceback (most recent call last)
[36mCell[39m[36m [39m[32mIn[8][39m[32m, line 2[39m
[32m      1[39m kappa = pi
[32m----> [39m[32m2[39m mp = [43mSingularMLMultiPoleCF[49m[43m([49m[43mVec3D[49m[43m([49m[32;43m0[39;49m[43m,[49m[32;43m0[39;49m[43m,[49m[32;43m0[39;49m[43m)[49m[43m,[49m[43m [49m[32;43m2[39;49m[43m,[49m[43m [49m[32;43m20[39;49m[43m,[49m[43m [49m[43mkappa[49m[43m)[49m
[32m      4[39m ir = IntegrationRule(TRIG,[32m5[39m)
[32m      5[39m pnts = mesh.MapToAllElements(ir, BND)

[31mTypeError[39m: __init__(): incompatible constructor arguments. The following argument types are supported:
    1. ngsolve.bem.SingularMLMultiPoleCF(center: ngsolve.bla.Vec3D, r: float, kappa: float)

Invoked with: <ngsolve.bla.Vec3D object at 0x1118486f0>, 2, 20, 3.141592653589793

